// Jest Snapshot v1, https://goo.gl/fbAQLP

exports[`<Screen /> Should render and match the snapshot 1`] = `
<div>
  <div>
    <div
      style="display: inline-block; white-space: nowrap;"
    />
  </div>
</div>
`;
